/mnt/A68A1E388A1E0589/GoogleDrive/Pablo Arquivos/Projetos/Library/Proprietarias/lcd/src/lcdDisplay.c:11:6:delay	24	static
/mnt/A68A1E388A1E0589/GoogleDrive/Pablo Arquivos/Projetos/Library/Proprietarias/lcd/src/lcdDisplay.c:22:6:send_to_lcd	32	static
/mnt/A68A1E388A1E0589/GoogleDrive/Pablo Arquivos/Projetos/Library/Proprietarias/lcd/src/lcdDisplay.c:92:6:lcd_init	24	static
/mnt/A68A1E388A1E0589/GoogleDrive/Pablo Arquivos/Projetos/Library/Proprietarias/lcd/src/lcdDisplay.c:123:6:lcd_cmd	16	static
/mnt/A68A1E388A1E0589/GoogleDrive/Pablo Arquivos/Projetos/Library/Proprietarias/lcd/src/lcdDisplay.c:128:6:lcd_data	16	static
/mnt/A68A1E388A1E0589/GoogleDrive/Pablo Arquivos/Projetos/Library/Proprietarias/lcd/src/lcdDisplay.c:132:6:lcd_put_pos	16	static
/mnt/A68A1E388A1E0589/GoogleDrive/Pablo Arquivos/Projetos/Library/Proprietarias/lcd/src/lcdDisplay.c:157:6:lcd_send_char	16	static
/mnt/A68A1E388A1E0589/GoogleDrive/Pablo Arquivos/Projetos/Library/Proprietarias/lcd/src/lcdDisplay.c:165:6:lcd_send_string	16	static
/mnt/A68A1E388A1E0589/GoogleDrive/Pablo Arquivos/Projetos/Library/Proprietarias/lcd/src/lcdDisplay.c:170:6:lcd_send_char_pos	16	static
/mnt/A68A1E388A1E0589/GoogleDrive/Pablo Arquivos/Projetos/Library/Proprietarias/lcd/src/lcdDisplay.c:175:6:lcd_send_string_pos	24	static
/mnt/A68A1E388A1E0589/GoogleDrive/Pablo Arquivos/Projetos/Library/Proprietarias/lcd/src/lcdDisplay.c:180:6:lcd_clear_row	24	static
/mnt/A68A1E388A1E0589/GoogleDrive/Pablo Arquivos/Projetos/Library/Proprietarias/lcd/src/lcdDisplay.c:189:6:lcd_clear_all	16	static
/mnt/A68A1E388A1E0589/GoogleDrive/Pablo Arquivos/Projetos/Library/Proprietarias/lcd/src/lcdDisplay.c:194:6:lcd_create_custom_char	32	static
