../Core/Src/main.c:64:6:_lcd1_config	8	static
../Core/Src/main.c:90:6:_lcd2_config	8	static
../Core/Src/main.c:117:6:_lcd_custom_char	24	static
../Core/Src/main.c:128:6:_lcd1_lineStart	8	static
../Core/Src/main.c:135:6:_lcd2_lineStart	8	static
../Core/Src/main.c:144:6:HAL_TIM_PeriodElapsedCallback	16	static
../Core/Src/main.c:162:5:main	40	static
../Core/Src/main.c:228:6:SystemClock_Config	88	static
../Core/Src/main.c:270:13:MX_TIM4_Init	64	static
../Core/Src/main.c:329:13:MX_TIM5_Init	32	static
../Core/Src/main.c:374:13:MX_GPIO_Init	40	static
../Core/Src/main.c:423:6:Error_Handler	4	static,ignoring_inline_asm
